Waiting for Geometry3K downstream eval to release GPU ...
Sun Jun  7 09:46:18 CST 2026
Sun Jun  7 09:49:18 CST 2026
Sun Jun  7 09:52:18 CST 2026
Sun Jun  7 09:55:18 CST 2026
Starting FormalGeo downstream eval from cached generated routes.
Loading checkpoint shards:   0%|          | 0/2 [00:00<?, ?it/s]Loading checkpoint shards:  50%|█████     | 1/2 [00:13<00:13, 13.96s/it]Loading checkpoint shards: 100%|██████████| 2/2 [00:14<00:00,  5.90s/it]Loading checkpoint shards: 100%|██████████| 2/2 [00:14<00:00,  7.11s/it]
`torch_dtype` is deprecated! Use `dtype` instead!
Loading checkpoint shards:   0%|          | 0/4 [00:00<?, ?it/s]Loading checkpoint shards:  25%|██▌       | 1/4 [00:30<01:31, 30.50s/it]Loading checkpoint shards:  50%|█████     | 2/4 [01:01<01:02, 31.00s/it]Loading checkpoint shards:  75%|███████▌  | 3/4 [01:12<00:21, 21.58s/it]Loading checkpoint shards: 100%|██████████| 4/4 [01:14<00:00, 14.00s/it]Loading checkpoint shards: 100%|██████████| 4/4 [01:14<00:00, 18.65s/it]
The following generation flags are not valid and may be ignored: ['temperature', 'top_p', 'top_k']. Set `TRANSFORMERS_VERBOSITY=info` for more details.
FAIL	1	image_only	pred=45.0	gold=15	duration_s=28.20
OK	1	image_generated_theorem_route	pred=15.0	gold=15	duration_s=28.27
OK	1	image_oracle_theorem_route	pred=15.0	gold=15	duration_s=28.24
FAIL	19	image_only	pred=44.0	gold=22	duration_s=27.48
OK	19	image_generated_theorem_route	pred=22.0	gold=22	duration_s=28.30
FAIL	19	image_oracle_theorem_route	pred=14.0	gold=22	duration_s=28.87
FAIL	42	image_only	pred=16.0	gold=20	duration_s=27.43
FAIL	42	image_generated_theorem_route	pred=16.0	gold=20	duration_s=28.59
FAIL	42	image_oracle_theorem_route	pred=16.0	gold=20	duration_s=28.92
OK	43	image_only	pred=12.0	gold=12	duration_s=27.58
FAIL	43	image_generated_theorem_route	pred=10.0	gold=12	duration_s=28.88
FAIL	43	image_oracle_theorem_route	pred=8.0	gold=12	duration_s=28.46
FAIL	76	image_only	pred=14.0	gold=7	duration_s=27.79
FAIL	76	image_generated_theorem_route	pred=14.0	gold=7	duration_s=28.33
FAIL	76	image_oracle_theorem_route	pred=14.0	gold=7	duration_s=28.34
FAIL	148	image_only	pred=0.6	gold=4/5	duration_s=27.65
FAIL	148	image_generated_theorem_route	pred=0.6	gold=4/5	duration_s=28.37
FAIL	148	image_oracle_theorem_route	pred=0.6	gold=4/5	duration_s=28.31
FAIL	150	image_only	pred=15.0	gold=5	duration_s=27.62
OK	150	image_generated_theorem_route	pred=5.0	gold=5	duration_s=28.85
OK	150	image_oracle_theorem_route	pred=5.0	gold=5	duration_s=28.23
OK	178	image_only	pred=65.0	gold=65	duration_s=27.63
OK	178	image_generated_theorem_route	pred=65.0	gold=65	duration_s=28.25
OK	178	image_oracle_theorem_route	pred=65.0	gold=65	duration_s=28.26
OK	215	image_only	pred=20.0	gold=20	duration_s=27.62
FAIL	215	image_generated_theorem_route	pred=11.0	gold=20	duration_s=28.80
FAIL	215	image_oracle_theorem_route	pred=14.0	gold=20	duration_s=28.63
OK	227	image_only	pred=1520.0	gold=1520	duration_s=27.72
OK	227	image_generated_theorem_route	pred=1520.0	gold=1520	duration_s=28.48
OK	227	image_oracle_theorem_route	pred=1520.0	gold=1520	duration_s=28.75
OK	283	image_only	pred=14.0	gold=14	duration_s=27.49
OK	283	image_generated_theorem_route	pred=14.0	gold=14	duration_s=28.29
OK	283	image_oracle_theorem_route	pred=14.0	gold=14	duration_s=28.28
FAIL	330	image_only	pred=33.0	gold=66	duration_s=27.52
FAIL	330	image_generated_theorem_route	pred=33.0	gold=66	duration_s=28.21
FAIL	330	image_oracle_theorem_route	pred=48.0	gold=66	duration_s=28.62
FAIL	356	image_only	pred=0.6	gold=12/13	duration_s=27.60
FAIL	356	image_generated_theorem_route	pred=0.6	gold=12/13	duration_s=28.36
FAIL	356	image_oracle_theorem_route	pred=0.6	gold=12/13	duration_s=28.44
FAIL	360	image_only	pred=0.75	gold=12/5	duration_s=27.73
OK	360	image_generated_theorem_route	pred=2.4	gold=12/5	duration_s=28.34
OK	360	image_oracle_theorem_route	pred=2.4	gold=12/5	duration_s=28.43
FAIL	368	image_only	pred=40.0	gold=32	duration_s=27.58
FAIL	368	image_generated_theorem_route	pred=22.0	gold=32	duration_s=28.30
FAIL	368	image_oracle_theorem_route	pred=26.0	gold=32	duration_s=28.70
OK	375	image_only	pred=16.0	gold=16	duration_s=27.55
OK	375	image_generated_theorem_route	pred=16.0	gold=16	duration_s=28.29
OK	375	image_oracle_theorem_route	pred=16.0	gold=16	duration_s=28.37
FAIL	419	image_only	pred=6.0	gold=3/2	duration_s=27.82
FAIL	419	image_generated_theorem_route	pred=3.0	gold=3/2	duration_s=28.89
FAIL	419	image_oracle_theorem_route	pred=3.0	gold=3/2	duration_s=29.62
FAIL	502	image_only	pred=0.75	gold=5/12	duration_s=27.71
FAIL	502	image_generated_theorem_route	pred=0.75	gold=5/12	duration_s=28.50
FAIL	502	image_oracle_theorem_route	pred=0.75	gold=5/12	duration_s=28.48
FAIL	512	image_only	pred=3.0	gold=2	duration_s=27.43
OK	512	image_generated_theorem_route	pred=2.0	gold=2	duration_s=28.28
FAIL	512	image_oracle_theorem_route	pred=3.0	gold=2	duration_s=30.37
FAIL	517	image_only	pred=36.87	gold=30	duration_s=27.86
OK	517	image_generated_theorem_route	pred=30.0	gold=30	duration_s=28.33
OK	517	image_oracle_theorem_route	pred=30.0	gold=30	duration_s=28.22
OK	537	image_only	pred=8.0	gold=8	duration_s=27.38
OK	537	image_generated_theorem_route	pred=8.0	gold=8	duration_s=28.23
OK	537	image_oracle_theorem_route	pred=8.0	gold=8	duration_s=28.48
FAIL	575	image_only	pred=46.0	gold=52	duration_s=27.56
FAIL	575	image_generated_theorem_route	pred=64.0	gold=52	duration_s=28.31
FAIL	575	image_oracle_theorem_route	pred=64.0	gold=52	duration_s=28.27
FAIL	652	image_only	pred=9.0	gold=6	duration_s=27.39
OK	652	image_generated_theorem_route	pred=6.0	gold=6	duration_s=28.49
OK	652	image_oracle_theorem_route	pred=6.0	gold=6	duration_s=28.49
OK	659	image_only	pred=6.0	gold=6	duration_s=27.42
FAIL	659	image_generated_theorem_route	pred=4.0	gold=6	duration_s=28.55
FAIL	659	image_oracle_theorem_route	pred=4.0	gold=6	duration_s=28.53
FAIL	680	image_only	pred=15.0	gold=-8	duration_s=27.55
FAIL	680	image_generated_theorem_route	pred=21.0	gold=-8	duration_s=28.27
FAIL	680	image_oracle_theorem_route	pred=21.0	gold=-8	duration_s=28.25
OK	688	image_only	pred=6.0	gold=6	duration_s=27.41
OK	688	image_generated_theorem_route	pred=6.0	gold=6	duration_s=28.11
OK	688	image_oracle_theorem_route	pred=6.0	gold=6	duration_s=28.21
FAIL	721	image_only	pred=15.0	gold=4	duration_s=27.49
FAIL	721	image_generated_theorem_route	pred=15.0	gold=4	duration_s=27.86
FAIL	721	image_oracle_theorem_route	pred=15.0	gold=4	duration_s=27.89
FAIL	791	image_only	pred=30.0	gold=108/5	duration_s=27.76
FAIL	791	image_generated_theorem_route	pred=22.0	gold=108/5	duration_s=28.30
FAIL	791	image_oracle_theorem_route	pred=22.0	gold=108/5	duration_s=28.32
FAIL	792	image_only	pred=22.0	gold=4	duration_s=27.83
FAIL	792	image_generated_theorem_route	pred=14.0	gold=4	duration_s=29.23
FAIL	792	image_oracle_theorem_route	pred=22.0	gold=4	duration_s=29.25
FAIL	868	image_only	pred=228.0	gold=138	duration_s=27.58
FAIL	868	image_generated_theorem_route	pred=294.0	gold=138	duration_s=28.95
FAIL	868	image_oracle_theorem_route	pred=238.0	gold=138	duration_s=29.35
OK	887	image_only	pred=5.0	gold=5	duration_s=28.21
OK	887	image_generated_theorem_route	pred=5.0	gold=5	duration_s=29.45
OK	887	image_oracle_theorem_route	pred=5.0	gold=5	duration_s=29.48
FAIL	889	image_only	pred=18.0	gold=45	duration_s=27.51
FAIL	889	image_generated_theorem_route	pred=30.0	gold=45	duration_s=28.24
FAIL	889	image_oracle_theorem_route	pred=30.0	gold=45	duration_s=28.25
FAIL	931	image_only	pred=3.0	gold=1	duration_s=27.50
FAIL	931	image_generated_theorem_route	pred=3.0	gold=1	duration_s=28.24
FAIL	931	image_oracle_theorem_route	pred=2.0	gold=1	duration_s=28.77
FAIL	934	image_only	pred=0.5	gold=15/8	duration_s=27.60
FAIL	934	image_generated_theorem_route	pred=0.5	gold=15/8	duration_s=28.23
FAIL	934	image_oracle_theorem_route	pred=0.5	gold=15/8	duration_s=28.32
FAIL	938	image_only	pred=9.0	gold=15	duration_s=27.42
FAIL	938	image_generated_theorem_route	pred=9.0	gold=15	duration_s=28.55
OK	938	image_oracle_theorem_route	pred=15.0	gold=15	duration_s=28.74
FAIL	1027	image_only	pred=35.0	gold=15	duration_s=27.57
OK	1027	image_generated_theorem_route	pred=15.0	gold=15	duration_s=28.34
OK	1027	image_oracle_theorem_route	pred=15.0	gold=15	duration_s=29.35
FAIL	1053	image_only	pred=29.0	gold=34	duration_s=28.26
FAIL	1053	image_generated_theorem_route	pred=24.0	gold=34	duration_s=29.33
FAIL	1053	image_oracle_theorem_route	pred=24.0	gold=34	duration_s=28.62
FAIL	1090	image_only	pred=14.0	gold=8	duration_s=28.28
OK	1090	image_generated_theorem_route	pred=8.0	gold=8	duration_s=28.25
OK	1090	image_oracle_theorem_route	pred=8.0	gold=8	duration_s=28.98
FAIL	1156	image_only	pred=38.0	gold=59	duration_s=27.64
FAIL	1156	image_generated_theorem_route	pred=73.0	gold=59	duration_s=29.39
FAIL	1156	image_oracle_theorem_route	pred=73.0	gold=59	duration_s=29.37
OK	1216	image_only	pred=60.0	gold=60	duration_s=27.59
OK	1216	image_generated_theorem_route	pred=60.0	gold=60	duration_s=28.31
OK	1216	image_oracle_theorem_route	pred=60.0	gold=60	duration_s=28.36
OK	1229	image_only	pred=10.0	gold=10	duration_s=27.58
OK	1229	image_generated_theorem_route	pred=10.0	gold=10	duration_s=28.24
OK	1229	image_oracle_theorem_route	pred=10.0	gold=10	duration_s=28.03
FAIL	1249	image_only	pred=140.0	gold=392/5	duration_s=27.70
FAIL	1249	image_generated_theorem_route	pred=112.0	gold=392/5	duration_s=29.03
FAIL	1249	image_oracle_theorem_route	pred=112.0	gold=392/5	duration_s=28.75
FAIL	1256	image_only	pred=None	gold=70	duration_s=30.62
FAIL	1256	image_generated_theorem_route	pred=80.0	gold=70	duration_s=28.67
FAIL	1256	image_oracle_theorem_route	pred=80.0	gold=70	duration_s=28.68
FAIL	1261	image_only	pred=18.0	gold=9	duration_s=27.60
FAIL	1261	image_generated_theorem_route	pred=6.0	gold=9	duration_s=29.30
FAIL	1261	image_oracle_theorem_route	pred=6.0	gold=9	duration_s=29.17
FAIL	1266	image_only	pred=23.0	gold=35	duration_s=27.63
FAIL	1266	image_generated_theorem_route	pred=25.0	gold=35	duration_s=28.39
FAIL	1266	image_oracle_theorem_route	pred=25.0	gold=35	duration_s=28.39
FAIL	1267	image_only	pred=0.6	gold=4/5	duration_s=27.69
OK	1267	image_generated_theorem_route	pred=0.8	gold=4/5	duration_s=28.39
OK	1267	image_oracle_theorem_route	pred=0.8	gold=4/5	duration_s=28.40
FAIL	1322	image_only	pred=12.0	gold=91	duration_s=27.89
FAIL	1322	image_generated_theorem_route	pred=104.0	gold=91	duration_s=28.83
FAIL	1322	image_oracle_theorem_route	pred=104.0	gold=91	duration_s=28.78
FAIL	1333	image_only	pred=45.0	gold=18	duration_s=27.59
FAIL	1333	image_generated_theorem_route	pred=30.0	gold=18	duration_s=28.35
FAIL	1333	image_oracle_theorem_route	pred=30.0	gold=18	duration_s=28.36
FAIL	1344	image_only	pred=45.0	gold=90	duration_s=27.93
FAIL	1344	image_generated_theorem_route	pred=45.0	gold=90	duration_s=28.62
FAIL	1344	image_oracle_theorem_route	pred=45.0	gold=90	duration_s=28.67
FAIL	1349	image_only	pred=120.0	gold=150	duration_s=27.66
FAIL	1349	image_generated_theorem_route	pred=120.0	gold=150	duration_s=29.17
OK	1349	image_oracle_theorem_route	pred=150.0	gold=150	duration_s=29.02
OK	1396	image_only	pred=35.0	gold=35	duration_s=27.56
OK	1396	image_generated_theorem_route	pred=35.0	gold=35	duration_s=28.62
OK	1396	image_oracle_theorem_route	pred=35.0	gold=35	duration_s=28.33
FAIL	1404	image_only	pred=12.0	gold=13	duration_s=27.63
FAIL	1404	image_generated_theorem_route	pred=6.0	gold=13	duration_s=28.76
FAIL	1404	image_oracle_theorem_route	pred=6.0	gold=13	duration_s=28.55
FAIL	1405	image_only	pred=32.5	gold=55	duration_s=27.74
FAIL	1405	image_generated_theorem_route	pred=35.0	gold=55	duration_s=28.28
FAIL	1405	image_oracle_theorem_route	pred=35.0	gold=55	duration_s=28.27
FAIL	1407	image_only	pred=10.0	gold=8	duration_s=27.63
FAIL	1407	image_generated_theorem_route	pred=5.0	gold=8	duration_s=28.24
FAIL	1407	image_oracle_theorem_route	pred=5.0	gold=8	duration_s=28.31
FAIL	1428	image_only	pred=3.0	gold=6	duration_s=27.81
FAIL	1428	image_generated_theorem_route	pred=7.0	gold=6	duration_s=28.50
FAIL	1428	image_oracle_theorem_route	pred=7.0	gold=6	duration_s=28.51
OK	1467	image_only	pred=14.0	gold=14	duration_s=27.61
OK	1467	image_generated_theorem_route	pred=14.0	gold=14	duration_s=28.30
OK	1467	image_oracle_theorem_route	pred=14.0	gold=14	duration_s=29.23
FAIL	1478	image_only	pred=0.64	gold=4/5	duration_s=28.57
FAIL	1478	image_generated_theorem_route	pred=16.0	gold=4/5	duration_s=29.18
FAIL	1478	image_oracle_theorem_route	pred=16.0	gold=4/5	duration_s=28.56
FAIL	1593	image_only	pred=27.0	gold=63	duration_s=27.55
FAIL	1593	image_generated_theorem_route	pred=36.0	gold=63	duration_s=28.30
FAIL	1593	image_oracle_theorem_route	pred=36.0	gold=63	duration_s=28.61
FAIL	1618	image_only	pred=180.0	gold=126	duration_s=27.71
FAIL	1618	image_generated_theorem_route	pred=124.0	gold=126	duration_s=28.70
FAIL	1618	image_oracle_theorem_route	pred=124.0	gold=126	duration_s=29.33
FAIL	1665	image_only	pred=21.0	gold=5/3	duration_s=27.78
FAIL	1665	image_generated_theorem_route	pred=5.0	gold=5/3	duration_s=28.14
FAIL	1665	image_oracle_theorem_route	pred=5.0	gold=5/3	duration_s=28.81
FAIL	1686	image_only	pred=2.0	gold=3/2	duration_s=27.50
FAIL	1686	image_generated_theorem_route	pred=2.0	gold=3/2	duration_s=28.53
FAIL	1686	image_oracle_theorem_route	pred=3.0	gold=3/2	duration_s=28.84
FAIL	1699	image_only	pred=18.0	gold=39	duration_s=27.55
FAIL	1699	image_generated_theorem_route	pred=96.0	gold=39	duration_s=28.29
FAIL	1699	image_oracle_theorem_route	pred=96.0	gold=39	duration_s=28.84
FAIL	1822	image_only	pred=164.0	gold=196	duration_s=28.23
FAIL	1822	image_generated_theorem_route	pred=164.0	gold=196	duration_s=29.41
FAIL	1822	image_oracle_theorem_route	pred=82.0	gold=196	duration_s=29.31
FAIL	1832	image_only	pred=15.0	gold=7	duration_s=28.18
FAIL	1832	image_generated_theorem_route	pred=18.0	gold=7	duration_s=29.31
FAIL	1832	image_oracle_theorem_route	pred=18.0	gold=7	duration_s=29.35
FAIL	1839	image_only	pred=22.0	gold=15	duration_s=28.18
FAIL	1839	image_generated_theorem_route	pred=18.0	gold=15	duration_s=28.95
FAIL	1839	image_oracle_theorem_route	pred=18.0	gold=15	duration_s=29.69
FAIL	1847	image_only	pred=46.0	gold=36	duration_s=28.20
OK	1847	image_generated_theorem_route	pred=36.0	gold=36	duration_s=28.92
OK	1847	image_oracle_theorem_route	pred=36.0	gold=36	duration_s=28.93
FAIL	1850	image_only	pred=14.0	gold=7	duration_s=28.20
FAIL	1850	image_generated_theorem_route	pred=14.0	gold=7	duration_s=28.95
FAIL	1850	image_oracle_theorem_route	pred=14.0	gold=7	duration_s=29.04
FAIL	1853	image_only	pred=18.0	gold=6	duration_s=28.32
FAIL	1853	image_generated_theorem_route	pred=12.0	gold=6	duration_s=29.20
FAIL	1853	image_oracle_theorem_route	pred=12.0	gold=6	duration_s=29.01
FAIL	1874	image_only	pred=40.0	gold=20	duration_s=28.27
OK	1874	image_generated_theorem_route	pred=20.0	gold=20	duration_s=29.34
FAIL	1874	image_oracle_theorem_route	pred=40.0	gold=20	duration_s=29.32
OK	1921	image_only	pred=16.0	gold=16	duration_s=28.22
OK	1921	image_generated_theorem_route	pred=16.0	gold=16	duration_s=28.26
OK	1921	image_oracle_theorem_route	pred=16.0	gold=16	duration_s=28.95
OK	1931	image_only	pred=4.0	gold=4	duration_s=28.20
OK	1931	image_generated_theorem_route	pred=4.0	gold=4	duration_s=29.25
OK	1931	image_oracle_theorem_route	pred=4.0	gold=4	duration_s=29.19
FAIL	1934	image_only	pred=20.0	gold=15	duration_s=28.51
