Loaded 500 simple-answer FormalGeo records for ['image_only', 'image_oracle_theorem_route']. theorem_len_buckets={'len1': 167, 'len2_3': 167, 'len4plus': 166}
`torch_dtype` is deprecated! Use `dtype` instead!
Loading checkpoint shards:   0%|          | 0/4 [00:00<?, ?it/s]Loading checkpoint shards:  25%|██▌       | 1/4 [00:05<00:16,  5.49s/it]Loading checkpoint shards:  50%|█████     | 2/4 [00:12<00:12,  6.32s/it]Loading checkpoint shards:  75%|███████▌  | 3/4 [00:19<00:06,  6.66s/it]Loading checkpoint shards: 100%|██████████| 4/4 [00:21<00:00,  5.02s/it]Loading checkpoint shards: 100%|██████████| 4/4 [00:21<00:00,  5.49s/it]
The following generation flags are not valid and may be ignored: ['temperature', 'top_p', 'top_k']. Set `TRANSFORMERS_VERBOSITY=info` for more details.
FAIL	1	image_only	pred=None	gold=15	complete=False	duration_s=30.34
OK	1	image_oracle_theorem_route	pred=15.0	gold=15	complete=True	duration_s=28.15
FAIL	2	image_only	pred=15.0	gold=13/2	complete=True	duration_s=27.49
FAIL	2	image_oracle_theorem_route	pred=15.0	gold=13/2	complete=True	duration_s=27.81
FAIL	3	image_only	pred=65.0	gold=78	complete=True	duration_s=27.15
FAIL	3	image_oracle_theorem_route	pred=70.0	gold=78	complete=True	duration_s=27.91
FAIL	4	image_only	pred=38.0	gold=68	complete=True	duration_s=27.05
OK	4	image_oracle_theorem_route	pred=68.0	gold=68	complete=True	duration_s=28.48
FAIL	6	image_only	pred=64.0	gold=80	complete=True	duration_s=27.17
FAIL	6	image_oracle_theorem_route	pred=None	gold=80	complete=False	duration_s=30.77
FAIL	8	image_only	pred=None	gold=3/7	complete=False	duration_s=29.72
OK	8	image_oracle_theorem_route	pred=0.42857142857142855	gold=3/7	complete=True	duration_s=28.03
FAIL	10	image_only	pred=20.0	gold=5	complete=True	duration_s=27.18
FAIL	10	image_oracle_theorem_route	pred=10.0	gold=5	complete=True	duration_s=28.19
FAIL	11	image_only	pred=51.0	gold=55	complete=True	duration_s=27.20
FAIL	11	image_oracle_theorem_route	pred=117.0	gold=55	complete=True	duration_s=28.29
FAIL	12	image_only	pred=150.0	gold=80	complete=True	duration_s=27.28
FAIL	12	image_oracle_theorem_route	pred=140.0	gold=80	complete=True	duration_s=28.65
FAIL	13	image_only	pred=15.0	gold=13	complete=True	duration_s=27.14
FAIL	13	image_oracle_theorem_route	pred=10.0	gold=13	complete=True	duration_s=27.88
FAIL	14	image_only	pred=12.0	gold=9	complete=True	duration_s=27.24
FAIL	14	image_oracle_theorem_route	pred=12.0	gold=9	complete=True	duration_s=27.84
FAIL	15	image_only	pred=24.0	gold=48	complete=True	duration_s=27.22
FAIL	15	image_oracle_theorem_route	pred=28.0	gold=48	complete=True	duration_s=28.56
FAIL	17	image_only	pred=16.0	gold=10	complete=True	duration_s=27.09
OK	17	image_oracle_theorem_route	pred=10.0	gold=10	complete=True	duration_s=27.88
FAIL	18	image_only	pred=40.0	gold=120	complete=True	duration_s=27.20
FAIL	18	image_oracle_theorem_route	pred=None	gold=120	complete=False	duration_s=30.42
FAIL	19	image_only	pred=44.0	gold=22	complete=True	duration_s=27.14
OK	19	image_oracle_theorem_route	pred=22.0	gold=22	complete=True	duration_s=28.22
FAIL	21	image_only	pred=12.0	gold=16	complete=True	duration_s=27.22
FAIL	21	image_oracle_theorem_route	pred=14.0	gold=16	complete=True	duration_s=28.24
FAIL	22	image_only	pred=101.0	gold=79	complete=True	duration_s=27.25
OK	22	image_oracle_theorem_route	pred=79.0	gold=79	complete=True	duration_s=28.19
FAIL	23	image_only	pred=15.0	gold=31	complete=True	duration_s=27.15
FAIL	23	image_oracle_theorem_route	pred=11.0	gold=31	complete=True	duration_s=27.49
FAIL	24	image_only	pred=150.0	gold=75	complete=True	duration_s=27.28
FAIL	24	image_oracle_theorem_route	pred=135.0	gold=75	complete=True	duration_s=27.65
FAIL	27	image_only	pred=126.0	gold=42	complete=True	duration_s=27.21
FAIL	27	image_oracle_theorem_route	pred=12.0	gold=42	complete=True	duration_s=28.17
OK	28	image_only	pred=15.0	gold=15	complete=True	duration_s=27.35
OK	28	image_oracle_theorem_route	pred=15.0	gold=15	complete=True	duration_s=27.86
FAIL	30	image_only	pred=None	gold=5	complete=False	duration_s=29.68
OK	30	image_oracle_theorem_route	pred=5.0	gold=5	complete=True	duration_s=28.03
OK	31	image_only	pred=45.0	gold=45	complete=True	duration_s=27.21
FAIL	31	image_oracle_theorem_route	pred=30.0	gold=45	complete=True	duration_s=27.95
FAIL	32	image_only	pred=42.0	gold=124	complete=True	duration_s=27.12
FAIL	32	image_oracle_theorem_route	pred=114.0	gold=124	complete=True	duration_s=27.96
FAIL	33	image_only	pred=3.0	gold=1	complete=True	duration_s=27.01
FAIL	33	image_oracle_theorem_route	pred=None	gold=1	complete=False	duration_s=30.43
OK	35	image_only	pred=12.0	gold=12	complete=True	duration_s=27.16
FAIL	35	image_oracle_theorem_route	pred=10.0	gold=12	complete=True	duration_s=28.22
FAIL	36	image_only	pred=45.0	gold=135	complete=True	duration_s=27.15
FAIL	36	image_oracle_theorem_route	pred=35.0	gold=135	complete=True	duration_s=27.94
FAIL	37	image_only	pred=14.0	gold=31	complete=True	duration_s=27.16
FAIL	37	image_oracle_theorem_route	pred=14.0	gold=31	complete=True	duration_s=28.22
OK	39	image_only	pred=22.0	gold=22	complete=True	duration_s=27.14
OK	39	image_oracle_theorem_route	pred=22.0	gold=22	complete=True	duration_s=27.86
OK	41	image_only	pred=130.0	gold=130	complete=True	duration_s=27.22
OK	41	image_oracle_theorem_route	pred=130.0	gold=130	complete=True	duration_s=27.85
FAIL	42	image_only	pred=16.0	gold=20	complete=True	duration_s=27.07
FAIL	42	image_oracle_theorem_route	pred=16.0	gold=20	complete=True	duration_s=28.06
OK	43	image_only	pred=12.0	gold=12	complete=True	duration_s=27.13
FAIL	43	image_oracle_theorem_route	pred=14.0	gold=12	complete=True	duration_s=27.79
FAIL	45	image_only	pred=40.0	gold=60	complete=True	duration_s=27.08
FAIL	45	image_oracle_theorem_route	pred=65.0	gold=60	complete=True	duration_s=27.92
FAIL	48	image_only	pred=15.0	gold=40	complete=True	duration_s=27.23
FAIL	48	image_oracle_theorem_route	pred=29.0	gold=40	complete=True	duration_s=28.58
OK	49	image_only	pred=115.0	gold=115	complete=True	duration_s=27.27
OK	49	image_oracle_theorem_route	pred=115.0	gold=115	complete=True	duration_s=28.00
FAIL	50	image_only	pred=15.0	gold=27/2	complete=True	duration_s=27.18
FAIL	50	image_oracle_theorem_route	pred=18.0	gold=27/2	complete=True	duration_s=27.89
FAIL	51	image_only	pred=45.0	gold=23	complete=True	duration_s=27.21
FAIL	51	image_oracle_theorem_route	pred=15.0	gold=23	complete=True	duration_s=28.18
FAIL	52	image_only	pred=18.0	gold=37	complete=True	duration_s=27.17
FAIL	52	image_oracle_theorem_route	pred=87.0	gold=37	complete=True	duration_s=27.95
FAIL	53	image_only	pred=135.0	gold=270	complete=True	duration_s=27.24
FAIL	53	image_oracle_theorem_route	pred=135.0	gold=270	complete=True	duration_s=27.95
OK	55	image_only	pred=8.0	gold=8	complete=True	duration_s=27.01
OK	55	image_oracle_theorem_route	pred=8.0	gold=8	complete=True	duration_s=27.85
FAIL	56	image_only	pred=67.0	gold=24	complete=True	duration_s=27.28
FAIL	56	image_oracle_theorem_route	pred=67.0	gold=24	complete=True	duration_s=28.20
OK	57	image_only	pred=7.0	gold=7	complete=True	duration_s=27.03
OK	57	image_oracle_theorem_route	pred=7.0	gold=7	complete=True	duration_s=27.73
OK	58	image_only	pred=32.0	gold=32	complete=True	duration_s=27.17
FAIL	58	image_oracle_theorem_route	pred=34.0	gold=32	complete=True	duration_s=27.81
FAIL	59	image_only	pred=180.0	gold=53	complete=True	duration_s=27.93
OK	59	image_oracle_theorem_route	pred=53.0	gold=53	complete=True	duration_s=28.20
FAIL	60	image_only	pred=10.0	gold=6	complete=True	duration_s=27.17
OK	60	image_oracle_theorem_route	pred=6.0	gold=6	complete=True	duration_s=28.22
FAIL	62	image_only	pred=15.0	gold=8	complete=True	duration_s=27.20
FAIL	62	image_oracle_theorem_route	pred=16.0	gold=8	complete=True	duration_s=28.58
FAIL	63	image_only	pred=36.0	gold=35	complete=True	duration_s=27.19
FAIL	63	image_oracle_theorem_route	pred=32.0	gold=35	complete=True	duration_s=27.83
FAIL	64	image_only	pred=90.0	gold=30	complete=True	duration_s=27.02
FAIL	64	image_oracle_theorem_route	pred=90.0	gold=30	complete=True	duration_s=27.82
FAIL	65	image_only	pred=110.0	gold=305	complete=True	duration_s=27.07
FAIL	65	image_oracle_theorem_route	pred=180.0	gold=305	complete=True	duration_s=27.88
FAIL	66	image_only	pred=12.0	gold=18	complete=True	duration_s=27.35
FAIL	66	image_oracle_theorem_route	pred=12.0	gold=18	complete=True	duration_s=28.15
FAIL	67	image_only	pred=9.0	gold=27/5	complete=True	duration_s=26.98
FAIL	67	image_oracle_theorem_route	pred=9.0	gold=27/5	complete=True	duration_s=27.68
FAIL	69	image_only	pred=60.0	gold=25	complete=True	duration_s=27.07
FAIL	69	image_oracle_theorem_route	pred=40.0	gold=25	complete=True	duration_s=27.50
FAIL	71	image_only	pred=20.0	gold=6	complete=True	duration_s=27.07
FAIL	71	image_oracle_theorem_route	pred=30.0	gold=6	complete=True	duration_s=27.43
OK	72	image_only	pred=52.0	gold=52	complete=True	duration_s=27.14
FAIL	72	image_oracle_theorem_route	pred=90.0	gold=52	complete=True	duration_s=27.80
OK	74	image_only	pred=45.0	gold=45	complete=True	duration_s=27.04
OK	74	image_oracle_theorem_route	pred=45.0	gold=45	complete=True	duration_s=27.71
FAIL	76	image_only	pred=14.0	gold=7	complete=True	duration_s=27.41
FAIL	76	image_oracle_theorem_route	pred=14.0	gold=7	complete=True	duration_s=28.08
FAIL	77	image_only	pred=35.0	gold=40	complete=True	duration_s=27.00
FAIL	77	image_oracle_theorem_route	pred=80.0	gold=40	complete=True	duration_s=28.10
FAIL	78	image_only	pred=None	gold=21	complete=False	duration_s=29.66
OK	78	image_oracle_theorem_route	pred=21.0	gold=21	complete=True	duration_s=27.73
FAIL	79	image_only	pred=5.0	gold=6	complete=True	duration_s=26.96
OK	79	image_oracle_theorem_route	pred=6.0	gold=6	complete=True	duration_s=27.77
FAIL	80	image_only	pred=4.0	gold=2	complete=True	duration_s=26.85
FAIL	80	image_oracle_theorem_route	pred=14.0	gold=2	complete=True	duration_s=27.48
FAIL	81	image_only	pred=103.0	gold=70	complete=True	duration_s=27.12
FAIL	81	image_oracle_theorem_route	pred=67.0	gold=70	complete=True	duration_s=27.46
FAIL	82	image_only	pred=240.0	gold=408	complete=True	duration_s=27.08
FAIL	82	image_oracle_theorem_route	pred=240.0	gold=408	complete=True	duration_s=28.65
OK	83	image_only	pred=3.0	gold=3	complete=True	duration_s=27.30
OK	83	image_oracle_theorem_route	pred=3.0	gold=3	complete=True	duration_s=27.99
FAIL	84	image_only	pred=10.0	gold=31/2	complete=True	duration_s=27.09
FAIL	84	image_oracle_theorem_route	pred=10.0	gold=31/2	complete=True	duration_s=27.76
OK	85	image_only	pred=70.0	gold=70	complete=True	duration_s=27.03
OK	85	image_oracle_theorem_route	pred=70.0	gold=70	complete=True	duration_s=27.83
FAIL	86	image_only	pred=30.0	gold=40	complete=True	duration_s=27.06
OK	86	image_oracle_theorem_route	pred=40.0	gold=40	complete=True	duration_s=28.26
FAIL	87	image_only	pred=100.0	gold=125	complete=True	duration_s=27.24
FAIL	87	image_oracle_theorem_route	pred=100.0	gold=125	complete=True	duration_s=27.89
FAIL	88	image_only	pred=47.0	gold=93	complete=True	duration_s=27.12
FAIL	88	image_oracle_theorem_route	pred=43.5	gold=93	complete=True	duration_s=28.35
FAIL	89	image_only	pred=64.0	gold=116	complete=True	duration_s=27.14
FAIL	89	image_oracle_theorem_route	pred=126.0	gold=116	complete=True	duration_s=27.57
FAIL	90	image_only	pred=3.0	gold=9/5	complete=True	duration_s=26.97
FAIL	90	image_oracle_theorem_route	pred=5.0	gold=9/5	complete=True	duration_s=27.78
FAIL	91	image_only	pred=33.0	gold=21	complete=True	duration_s=27.03
FAIL	91	image_oracle_theorem_route	pred=37.0	gold=21	complete=True	duration_s=27.46
OK	92	image_only	pred=45.0	gold=45	complete=True	duration_s=27.03
OK	92	image_oracle_theorem_route	pred=45.0	gold=45	complete=True	duration_s=27.75
FAIL	93	image_only	pred=90.0	gold=128	complete=True	duration_s=27.00
FAIL	93	image_oracle_theorem_route	pred=110.0	gold=128	complete=True	duration_s=27.48
OK	94	image_only	pred=85.0	gold=85	complete=True	duration_s=27.04
FAIL	94	image_oracle_theorem_route	pred=5.0	gold=85	complete=True	duration_s=29.23
FAIL	95	image_only	pred=116.0	gold=112	complete=True	duration_s=27.13
FAIL	95	image_oracle_theorem_route	pred=116.0	gold=112	complete=True	duration_s=27.50
OK	96	image_only	pred=4.0	gold=4	complete=True	duration_s=27.38
OK	96	image_oracle_theorem_route	pred=4.0	gold=4	complete=True	duration_s=28.04
FAIL	97	image_only	pred=165.0	gold=275/2	complete=True	duration_s=27.16
FAIL	97	image_oracle_theorem_route	pred=143.0	gold=275/2	complete=True	duration_s=27.90
FAIL	98	image_only	pred=150.0	gold=270	complete=True	duration_s=27.12
FAIL	98	image_oracle_theorem_route	pred=180.0	gold=270	complete=True	duration_s=27.87
FAIL	99	image_only	pred=30.0	gold=60	complete=True	duration_s=27.01
FAIL	99	image_oracle_theorem_route	pred=30.0	gold=60	complete=True	duration_s=27.71
FAIL	100	image_only	pred=10.0	gold=25/14	complete=True	duration_s=27.04
FAIL	100	image_oracle_theorem_route	pred=10.0	gold=25/14	complete=True	duration_s=28.50
FAIL	102	image_only	pred=43.0	gold=31	complete=True	duration_s=27.03
FAIL	102	image_oracle_theorem_route	pred=43.0	gold=31	complete=True	duration_s=27.78
OK	104	image_only	pred=12.0	gold=12	complete=True	duration_s=27.06
FAIL	104	image_oracle_theorem_route	pred=6.0	gold=12	complete=True	duration_s=28.14
FAIL	105	image_only	pred=10.0	gold=12	complete=True	duration_s=27.07
FAIL	105	image_oracle_theorem_route	pred=10.0	gold=12	complete=True	duration_s=27.38
FAIL	106	image_only	pred=None	gold=3/2	complete=False	duration_s=29.67
FAIL	106	image_oracle_theorem_route	pred=None	gold=3/2	complete=False	duration_s=30.36
FAIL	107	image_only	pred=115.0	gold=107	complete=True	duration_s=27.23
FAIL	107	image_oracle_theorem_route	pred=45.0	gold=107	complete=True	duration_s=27.57
FAIL	108	image_only	pred=245.0	gold=65	complete=True	duration_s=27.16
FAIL	108	image_oracle_theorem_route	pred=245.0	gold=65	complete=True	duration_s=27.96
FAIL	110	image_only	pred=50.0	gold=56	complete=True	duration_s=27.05
FAIL	110	image_oracle_theorem_route	pred=50.0	gold=56	complete=True	duration_s=27.45
FAIL	111	image_only	pred=102.0	gold=52	complete=True	duration_s=27.21
OK	111	image_oracle_theorem_route	pred=52.0	gold=52	complete=True	duration_s=27.74
FAIL	112	image_only	pred=22.0	gold=17	complete=True	duration_s=27.10
FAIL	112	image_oracle_theorem_route	pred=22.0	gold=17	complete=True	duration_s=27.83
FAIL	113	image_only	pred=3.0	gold=4	complete=True	duration_s=26.98
FAIL	113	image_oracle_theorem_route	pred=5.0	gold=4	complete=True	duration_s=27.77
FAIL	115	image_only	pred=72.0	gold=118	complete=True	duration_s=27.06
FAIL	115	image_oracle_theorem_route	pred=62.0	gold=118	complete=True	duration_s=28.21
OK	116	image_only	pred=16.0	gold=16	complete=True	duration_s=27.46
OK	116	image_oracle_theorem_route	pred=16.0	gold=16	complete=True	duration_s=28.16
OK	118	image_only	pred=90.0	gold=90	complete=True	duration_s=27.11
OK	118	image_oracle_theorem_route	pred=90.0	gold=90	complete=True	duration_s=27.47
FAIL	119	image_only	pred=90.0	gold=60	complete=True	duration_s=27.08
OK	119	image_oracle_theorem_route	pred=60.0	gold=60	complete=True	duration_s=28.27
OK	120	image_only	pred=2.0	gold=2	complete=True	duration_s=27.31
FAIL	120	image_oracle_theorem_route	pred=None	gold=2	complete=False	duration_s=30.41
OK	121	image_only	pred=480.0	gold=480	complete=True	duration_s=27.20
OK	121	image_oracle_theorem_route	pred=480.0	gold=480	complete=True	duration_s=27.97
FAIL	122	image_only	pred=37.0	gold=20	complete=True	duration_s=27.72
FAIL	122	image_oracle_theorem_route	pred=32.0	gold=20	complete=True	duration_s=28.32
FAIL	123	image_only	pred=68.0	gold=92	complete=True	duration_s=27.17
FAIL	123	image_oracle_theorem_route	pred=68.0	gold=92	complete=True	duration_s=28.21
FAIL	125	image_only	pred=15.0	gold=10	complete=True	duration_s=27.17
FAIL	125	image_oracle_theorem_route	pred=185.0	gold=10	complete=True	duration_s=28.27
FAIL	126	image_only	pred=2.5	gold=3	complete=True	duration_s=27.15
FAIL	126	image_oracle_theorem_route	pred=2.5	gold=3	complete=True	duration_s=27.88
FAIL	127	image_only	pred=138.0	gold=42	complete=True	duration_s=27.20
FAIL	127	image_oracle_theorem_route	pred=138.0	gold=42	complete=True	duration_s=27.89
OK	128	image_only	pred=118.0	gold=118	complete=True	duration_s=27.08
OK	128	image_oracle_theorem_route	pred=118.0	gold=118	complete=True	duration_s=27.50
FAIL	129	image_only	pred=0.6	gold=4/5	complete=True	duration_s=27.12
FAIL	129	image_oracle_theorem_route	pred=0.6	gold=4/5	complete=True	duration_s=27.54
FAIL	130	image_only	pred=11.0	gold=10	complete=True	duration_s=27.15
FAIL	130	image_oracle_theorem_route	pred=12.0	gold=10	complete=True	duration_s=28.52
FAIL	131	image_only	pred=15.0	gold=10	complete=True	duration_s=27.07
FAIL	131	image_oracle_theorem_route	pred=15.0	gold=10	complete=True	duration_s=27.82
FAIL	132	image_only	pred=9.0	gold=1	complete=True	duration_s=27.32
FAIL	132	image_oracle_theorem_route	pred=None	gold=1	complete=False	duration_s=30.36
FAIL	133	image_only	pred=100.0	gold=116	complete=True	duration_s=27.22
FAIL	133	image_oracle_theorem_route	pred=100.0	gold=116	complete=True	duration_s=27.91
OK	135	image_only	pred=420.0	gold=420	complete=True	duration_s=27.19
OK	135	image_oracle_theorem_route	pred=420.0	gold=420	complete=True	duration_s=27.88
FAIL	138	image_only	pred=135.0	gold=55	complete=True	duration_s=27.20
FAIL	138	image_oracle_theorem_route	pred=115.0	gold=55	complete=True	duration_s=27.95
OK	139	image_only	pred=33.0	gold=33	complete=True	duration_s=27.04
OK	139	image_oracle_theorem_route	pred=33.0	gold=33	complete=True	duration_s=27.52
OK	140	image_only	pred=60.0	gold=60	complete=True	duration_s=27.09
OK	140	image_oracle_theorem_route	pred=60.0	gold=60	complete=True	duration_s=28.14
FAIL	141	image_only	pred=14.0	gold=48	complete=True	duration_s=27.21
FAIL	141	image_oracle_theorem_route	pred=28.0	gold=48	complete=True	duration_s=28.22
FAIL	143	image_only	pred=12.0	gold=6	complete=True	duration_s=27.11
OK	143	image_oracle_theorem_route	pred=6.0	gold=6	complete=True	duration_s=27.77
FAIL	144	image_only	pred=12.5	gold=5	complete=True	duration_s=27.28
OK	144	image_oracle_theorem_route	pred=5.0	gold=5	complete=True	duration_s=27.78
FAIL	145	image_only	pred=0.3333333333333333	gold=24/7	complete=True	duration_s=28.54
FAIL	145	image_oracle_theorem_route	pred=0.3333333333333333	gold=24/7	complete=True	duration_s=28.83
FAIL	147	image_only	pred=67.0	gold=59	complete=True	duration_s=27.07
FAIL	147	image_oracle_theorem_route	pred=90.0	gold=59	complete=True	duration_s=27.57
FAIL	148	image_only	pred=0.6	gold=4/5	complete=True	duration_s=27.17
FAIL	148	image_oracle_theorem_route	pred=0.6	gold=4/5	complete=True	duration_s=27.67
FAIL	149	image_only	pred=4.0	gold=2	complete=True	duration_s=27.14
OK	149	image_oracle_theorem_route	pred=2.0	gold=2	complete=True	duration_s=27.79
FAIL	150	image_only	pred=15.0	gold=5	complete=True	duration_s=27.17
OK	150	image_oracle_theorem_route	pred=5.0	gold=5	complete=True	duration_s=28.15
FAIL	151	image_only	pred=15.0	gold=45/2	complete=True	duration_s=27.07
FAIL	151	image_oracle_theorem_route	pred=15.0	gold=45/2	complete=True	duration_s=27.82
FAIL	152	image_only	pred=16.0	gold=140/9	complete=True	duration_s=27.11
FAIL	152	image_oracle_theorem_route	pred=16.0	gold=140/9	complete=True	duration_s=27.78
FAIL	153	image_only	pred=4.0	gold=5	complete=True	duration_s=27.10
FAIL	153	image_oracle_theorem_route	pred=3.0	gold=5	complete=True	duration_s=27.96
FAIL	154	image_only	pred=2.0	gold=3/2	complete=True	duration_s=27.01
FAIL	154	image_oracle_theorem_route	pred=3.0	gold=3/2	complete=True	duration_s=28.06
FAIL	156	image_only	pred=40.0	gold=72	complete=True	duration_s=27.15
FAIL	156	image_oracle_theorem_route	pred=80.0	gold=72	complete=True	duration_s=27.85
FAIL	158	image_only	pred=18.0	gold=22	complete=True	duration_s=27.08
FAIL	158	image_oracle_theorem_route	pred=14.0	gold=22	complete=True	duration_s=28.14
FAIL	159	image_only	pred=48.0	gold=36	complete=True	duration_s=27.14
FAIL	159	image_oracle_theorem_route	pred=24.0	gold=36	complete=True	duration_s=27.87
FAIL	160	image_only	pred=150.0	gold=325	complete=True	duration_s=27.15
FAIL	160	image_oracle_theorem_route	pred=150.0	gold=325	complete=True	duration_s=28.19
FAIL	161	image_only	pred=48.0	gold=54	complete=True	duration_s=27.12
FAIL	161	image_oracle_theorem_route	pred=36.0	gold=54	complete=True	duration_s=28.85
FAIL	162	image_only	pred=35.0	gold=45	complete=True	duration_s=27.08
FAIL	162	image_oracle_theorem_route	pred=30.0	gold=45	complete=True	duration_s=27.78
FAIL	163	image_only	pred=11.0	gold=11/2	complete=True	duration_s=27.25
OK	163	image_oracle_theorem_route	pred=5.5	gold=11/2	complete=True	duration_s=27.84
FAIL	164	image_only	pred=31.0	gold=26	complete=True	duration_s=27.13
FAIL	164	image_oracle_theorem_route	pred=51.5	gold=26	complete=True	duration_s=28.29
FAIL	165	image_only	pred=180.0	gold=53	complete=True	duration_s=27.43
OK	165	image_oracle_theorem_route	pred=53.0	gold=53	complete=True	duration_s=27.76
FAIL	166	image_only	pred=20.0	gold=30	complete=True	duration_s=27.05
OK	166	image_oracle_theorem_route	pred=30.0	gold=30	complete=True	duration_s=27.77
FAIL	168	image_only	pred=12.0	gold=27/4	complete=True	duration_s=27.07
FAIL	168	image_oracle_theorem_route	pred=12.0	gold=27/4	complete=True	duration_s=27.79
FAIL	169	image_only	pred=80.0	gold=100	complete=True	duration_s=27.15
FAIL	169	image_oracle_theorem_route	pred=80.0	gold=100	complete=True	duration_s=27.47
FAIL	170	image_only	pred=64.0	gold=122	complete=True	duration_s=27.03
FAIL	170	image_oracle_theorem_route	pred=64.0	gold=122	complete=True	duration_s=27.42
FAIL	171	image_only	pred=40.0	gold=140	complete=True	duration_s=27.45
FAIL	171	image_oracle_theorem_route	pred=35.0	gold=140	complete=True	duration_s=28.45
OK	172	image_only	pred=30.0	gold=30	complete=True	duration_s=27.06
OK	172	image_oracle_theorem_route	pred=30.0	gold=30	complete=True	duration_s=27.74
FAIL	173	image_only	pred=3.0	gold=15/2	complete=True	duration_s=27.00
FAIL	173	image_oracle_theorem_route	pred=3.0	gold=15/2	complete=True	duration_s=28.77
FAIL	174	image_only	pred=228.0	gold=180	complete=True	duration_s=27.12
FAIL	174	image_oracle_theorem_route	pred=126.0	gold=180	complete=True	duration_s=27.57
FAIL	175	image_only	pred=15.0	gold=30	complete=True	duration_s=27.20
FAIL	175	image_oracle_theorem_route	pred=10.0	gold=30	complete=True	duration_s=28.18
FAIL	176	image_only	pred=21.0	gold=17	complete=True	duration_s=27.55
FAIL	176	image_oracle_theorem_route	pred=21.0	gold=17	complete=True	duration_s=28.51
OK	178	image_only	pred=65.0	gold=65	complete=True	duration_s=27.14
FAIL	178	image_oracle_theorem_route	pred=115.0	gold=65	complete=True	duration_s=27.67
FAIL	179	image_only	pred=11.0	gold=8	complete=True	duration_s=27.17
FAIL	179	image_oracle_theorem_route	pred=17.0	gold=8	complete=True	duration_s=28.24
OK	180	image_only	pred=94.0	gold=94	complete=True	duration_s=27.17
OK	180	image_oracle_theorem_route	pred=94.0	gold=94	complete=True	duration_s=27.56
FAIL	181	image_only	pred=115.0	gold=85	complete=True	duration_s=27.22
FAIL	181	image_oracle_theorem_route	pred=110.0	gold=85	complete=True	duration_s=28.31
FAIL	182	image_only	pred=180.0	gold=76	complete=True	duration_s=28.83
OK	182	image_oracle_theorem_route	pred=76.0	gold=76	complete=True	duration_s=27.95
FAIL	183	image_only	pred=10.0	gold=20	complete=True	duration_s=27.17
OK	183	image_oracle_theorem_route	pred=20.0	gold=20	complete=True	duration_s=27.48
FAIL	184	image_only	pred=180.0	gold=0	complete=True	duration_s=27.21
FAIL	184	image_oracle_theorem_route	pred=180.0	gold=0	complete=True	duration_s=27.71
FAIL	186	image_only	pred=18.0	gold=30	complete=True	duration_s=27.17
OK	186	image_oracle_theorem_route	pred=30.0	gold=30	complete=True	duration_s=27.91
FAIL	188	image_only	pred=12.0	gold=27	complete=True	duration_s=27.51
FAIL	188	image_oracle_theorem_route	pred=None	gold=27	complete=False	duration_s=31.53
FAIL	189	image_only	pred=34.0	gold=24	complete=True	duration_s=27.19
FAIL	189	image_oracle_theorem_route	pred=20.0	gold=24	complete=True	duration_s=28.19
FAIL	190	image_only	pred=147.0	gold=46	complete=True	duration_s=27.19
FAIL	190	image_oracle_theorem_route	pred=116.0	gold=46	complete=True	duration_s=27.63
OK	191	image_only	pred=10.0	gold=10	complete=True	duration_s=27.12
OK	191	image_oracle_theorem_route	pred=10.0	gold=10	complete=True	duration_s=28.25
FAIL	192	image_only	pred=139.0	gold=22	complete=True	duration_s=27.27
FAIL	192	image_oracle_theorem_route	pred=115.0	gold=22	complete=True	duration_s=27.98
FAIL	194	image_only	pred=15.0	gold=10	complete=True	duration_s=27.17
OK	194	image_oracle_theorem_route	pred=10.0	gold=10	complete=True	duration_s=27.88
FAIL	195	image_only	pred=53.0	gold=127	complete=True	duration_s=27.05
OK	195	image_oracle_theorem_route	pred=127.0	gold=127	complete=True	duration_s=28.32
FAIL	197	image_only	pred=32.0	gold=46	complete=True	duration_s=27.11
FAIL	197	image_oracle_theorem_route	pred=100.0	gold=46	complete=True	duration_s=27.54
FAIL	198	image_only	pred=21.0	gold=50	complete=True	duration_s=27.04
FAIL	198	image_oracle_theorem_route	pred=21.0	gold=50	complete=True	duration_s=27.44
OK	199	image_only	pred=14.0	gold=14	complete=True	duration_s=27.03
FAIL	199	image_oracle_theorem_route	pred=3.0	gold=14	complete=True	duration_s=27.71
FAIL	201	image_only	pred=106.0	gold=39	complete=True	duration_s=27.15
FAIL	201	image_oracle_theorem_route	pred=51.0	gold=39	complete=True	duration_s=27.71
OK	202	image_only	pred=137.0	gold=137	complete=True	duration_s=27.12
OK	202	image_oracle_theorem_route	pred=137.0	gold=137	complete=True	duration_s=28.18
FAIL	203	image_only	pred=117.0	gold=110	complete=True	duration_s=27.11
FAIL	203	image_oracle_theorem_route	pred=67.0	gold=110	complete=True	duration_s=28.13
OK	204	image_only	pred=32.0	gold=32	complete=True	duration_s=27.03
OK	204	image_oracle_theorem_route	pred=32.0	gold=32	complete=True	duration_s=27.75
FAIL	205	image_only	pred=2.5	gold=21/10	complete=True	duration_s=27.15
FAIL	205	image_oracle_theorem_route	pred=2.5	gold=21/10	complete=True	duration_s=27.89
OK	206	image_only	pred=60.0	gold=60	complete=True	duration_s=27.07
OK	206	image_oracle_theorem_route	pred=60.0	gold=60	complete=True	duration_s=27.78
OK	208	image_only	pred=25.0	gold=25	complete=True	duration_s=27.08
OK	208	image_oracle_theorem_route	pred=25.0	gold=25	complete=True	duration_s=28.22
FAIL	209	image_only	pred=40.0	gold=50	complete=True	duration_s=27.07
FAIL	209	image_oracle_theorem_route	pred=30.0	gold=50	complete=True	duration_s=27.82
FAIL	210	image_only	pred=14.0	gold=1	complete=True	duration_s=27.16
FAIL	210	image_oracle_theorem_route	pred=12.0	gold=1	complete=True	duration_s=28.11
FAIL	212	image_only	pred=47.0	gold=77	complete=True	duration_s=27.07
OK	212	image_oracle_theorem_route	pred=77.0	gold=77	complete=True	duration_s=28.18
FAIL	213	image_only	pred=44.0	gold=66	complete=True	duration_s=27.06
FAIL	213	image_oracle_theorem_route	pred=28.0	gold=66	complete=True	duration_s=27.50
FAIL	214	image_only	pred=68.0	gold=73	complete=True	duration_s=27.05
OK	214	image_oracle_theorem_route	pred=73.0	gold=73	complete=True	duration_s=28.23
OK	215	image_only	pred=20.0	gold=20	complete=True	duration_s=27.18
OK	215	image_oracle_theorem_route	pred=20.0	gold=20	complete=True	duration_s=28.16
OK	216	image_only	pred=53.0	gold=53	complete=True	duration_s=27.04
OK	216	image_oracle_theorem_route	pred=53.0	gold=53	complete=True	duration_s=27.76
FAIL	218	image_only	pred=42.0	gold=14	complete=True	duration_s=27.12
FAIL	218	image_oracle_theorem_route	pred=43.0	gold=14	complete=True	duration_s=27.76
FAIL	219	image_only	pred=24.0	gold=36	complete=True	duration_s=27.22
FAIL	219	image_oracle_theorem_route	pred=24.0	gold=36	complete=True	duration_s=28.16
FAIL	220	image_only	pred=9.0	gold=10	complete=True	duration_s=27.01
FAIL	220	image_oracle_theorem_route	pred=9.0	gold=10	complete=True	duration_s=27.38
FAIL	221	image_only	pred=2.0	gold=71	complete=False	duration_s=29.67
FAIL	221	image_oracle_theorem_route	pred=2.0	gold=71	complete=False	duration_s=30.04
FAIL	223	image_only	pred=37.0	gold=117	complete=True	duration_s=27.14
OK	223	image_oracle_theorem_route	pred=117.0	gold=117	complete=True	duration_s=28.27
FAIL	224	image_only	pred=23.0	gold=28	complete=True	duration_s=27.13
FAIL	224	image_oracle_theorem_route	pred=17.0	gold=28	complete=True	duration_s=28.16
OK	225	image_only	pred=8.0	gold=8	complete=True	duration_s=27.03
OK	225	image_oracle_theorem_route	pred=8.0	gold=8	complete=True	duration_s=27.45
FAIL	226	image_only	pred=26.565	gold=30	complete=True	duration_s=27.50
OK	226	image_oracle_theorem_route	pred=30.0	gold=30	complete=True	duration_s=27.84
OK	227	image_only	pred=1520.0	gold=1520	complete=True	duration_s=27.31
OK	227	image_oracle_theorem_route	pred=1520.0	gold=1520	complete=True	duration_s=28.05
FAIL	228	image_only	pred=12.0	gold=38	complete=True	duration_s=27.22
FAIL	228	image_oracle_theorem_route	pred=14.0	gold=38	complete=True	duration_s=27.83
FAIL	229	image_only	pred=43.0	gold=29/3	complete=True	duration_s=27.09
FAIL	229	image_oracle_theorem_route	pred=19.0	gold=29/3	complete=True	duration_s=27.91
