`torch_dtype` is deprecated! Use `dtype` instead!
Loading checkpoint shards:   0%|          | 0/4 [00:00<?, ?it/s]Loading checkpoint shards:  25%|██▌       | 1/4 [00:25<01:17, 25.91s/it]Loading checkpoint shards:  50%|█████     | 2/4 [01:07<01:10, 35.28s/it]Loading checkpoint shards:  75%|███████▌  | 3/4 [01:15<00:22, 22.84s/it]Loading checkpoint shards: 100%|██████████| 4/4 [01:18<00:00, 14.96s/it]Loading checkpoint shards: 100%|██████████| 4/4 [01:18<00:00, 19.67s/it]
The following generation flags are not valid and may be ignored: ['temperature', 'top_p', 'top_k']. Set `TRANSFORMERS_VERBOSITY=info` for more details.
OK	geometry3k_test_2992	pred='B'	gold='B'	complete=True	duration_s=5.45
OK	geometry3k_test_2768	pred='B'	gold='B'	complete=True	duration_s=5.83
FAIL	geometry3k_test_2637	pred='C'	gold='A'	complete=True	duration_s=5.47
OK	geometry3k_test_2961	pred='D'	gold='D'	complete=True	duration_s=7.60
FAIL	geometry3k_test_2964	pred='C'	gold='A'	complete=True	duration_s=6.33
OK	geometry3k_test_2587	pred='D'	gold='D'	complete=True	duration_s=4.56
OK	geometry3k_test_2873	pred='C'	gold='C'	complete=True	duration_s=3.43
OK	geometry3k_test_2607	pred='B'	gold='B'	complete=True	duration_s=4.22
FAIL	geometry3k_test_2721	pred='C'	gold='D'	complete=True	duration_s=9.22
OK	geometry3k_test_2670	pred='B'	gold='B'	complete=True	duration_s=4.00
FAIL	geometry3k_test_2489	pred='B'	gold='A'	complete=True	duration_s=8.30
OK	geometry3k_test_2428	pred='B'	gold='B'	complete=True	duration_s=3.86
OK	geometry3k_test_2485	pred='C'	gold='C'	complete=True	duration_s=3.48
OK	geometry3k_test_2626	pred='C'	gold='C'	complete=True	duration_s=3.67
FAIL	geometry3k_test_2910	pred='C'	gold='D'	complete=True	duration_s=3.21
FAIL	geometry3k_test_2473	pred='B'	gold='A'	complete=True	duration_s=8.94
FAIL	geometry3k_test_2444	pred='C'	gold='A'	complete=True	duration_s=4.96
OK	geometry3k_test_2594	pred='B'	gold='B'	complete=True	duration_s=3.39
OK	geometry3k_test_2614	pred='B'	gold='B'	complete=True	duration_s=4.61
OK	geometry3k_test_2762	pred='B'	gold='B'	complete=True	duration_s=22.94
OK	geometry3k_test_2785	pred='D'	gold='D'	complete=True	duration_s=8.92
FAIL	geometry3k_test_2413	pred='C'	gold='B'	complete=True	duration_s=3.41
OK	geometry3k_test_2729	pred='A'	gold='A'	complete=True	duration_s=4.12
OK	geometry3k_test_2648	pred='A'	gold='A'	complete=True	duration_s=4.59
OK	geometry3k_test_2435	pred='D'	gold='D'	complete=True	duration_s=3.20
FAIL	geometry3k_test_2827	pred='B'	gold='A'	complete=True	duration_s=3.68
OK	geometry3k_test_2509	pred='B'	gold='B'	complete=True	duration_s=5.14
OK	geometry3k_test_2969	pred='C'	gold='C'	complete=True	duration_s=5.09
OK	geometry3k_test_2490	pred='B'	gold='B'	complete=True	duration_s=5.71
FAIL	geometry3k_test_2643	pred='B'	gold='D'	complete=True	duration_s=4.21
OK	geometry3k_test_2533	pred='B'	gold='B'	complete=True	duration_s=10.65
OK	geometry3k_test_2834	pred='C'	gold='C'	complete=True	duration_s=4.89
FAIL	geometry3k_test_2857	pred='B'	gold='D'	complete=True	duration_s=7.59
FAIL	geometry3k_test_3001	pred='D'	gold='C'	complete=True	duration_s=7.33
FAIL	geometry3k_test_2691	pred='B'	gold='D'	complete=True	duration_s=7.78
OK	geometry3k_test_2767	pred='C'	gold='C'	complete=True	duration_s=3.13
FAIL	geometry3k_test_2565	pred='D'	gold='A'	complete=True	duration_s=3.42
OK	geometry3k_test_2412	pred='A'	gold='A'	complete=True	duration_s=3.78
FAIL	geometry3k_test_2707	pred='C'	gold='B'	complete=True	duration_s=3.34
OK	geometry3k_test_2979	pred='C'	gold='C'	complete=True	duration_s=4.18
OK	geometry3k_test_2681	pred='C'	gold='C'	complete=True	duration_s=3.76
FAIL	geometry3k_test_2783	pred='C'	gold='B'	complete=True	duration_s=7.80
OK	geometry3k_test_2508	pred='B'	gold='B'	complete=True	duration_s=5.82
OK	geometry3k_test_2828	pred='B'	gold='B'	complete=True	duration_s=19.22
FAIL	geometry3k_test_2548	pred='D'	gold='A'	complete=True	duration_s=7.46
FAIL	geometry3k_test_2931	pred='B'	gold='C'	complete=True	duration_s=8.28
FAIL	geometry3k_test_2556	pred='B'	gold='A'	complete=True	duration_s=3.81
FAIL	geometry3k_test_2893	pred='C'	gold='A'	complete=True	duration_s=5.31
FAIL	geometry3k_test_2771	pred='B'	gold='A'	complete=True	duration_s=8.76
FAIL	geometry3k_test_2939	pred='B'	gold='A'	complete=True	duration_s=4.32
OK	geometry3k_test_2666	pred='B'	gold='B'	complete=True	duration_s=10.68
OK	geometry3k_test_2727	pred='B'	gold='B'	complete=True	duration_s=3.65
FAIL	geometry3k_test_2955	pred='C'	gold='D'	complete=True	duration_s=3.68
OK	geometry3k_test_2542	pred='B'	gold='B'	complete=True	duration_s=18.28
FAIL	geometry3k_test_2500	pred='B'	gold='A'	complete=True	duration_s=10.86
FAIL	geometry3k_test_2644	pred='B'	gold='D'	complete=True	duration_s=9.03
FAIL	geometry3k_test_2668	pred='B'	gold='C'	complete=True	duration_s=3.33
OK	geometry3k_test_2576	pred='B'	gold='B'	complete=True	duration_s=6.55
FAIL	geometry3k_test_2977	pred='B'	gold='C'	complete=True	duration_s=16.45
FAIL	geometry3k_test_2564	pred='C'	gold='A'	complete=True	duration_s=3.71
OK	geometry3k_test_2926	pred='C'	gold='C'	complete=True	duration_s=3.62
OK	geometry3k_test_2646	pred='B'	gold='B'	complete=True	duration_s=3.71
OK	geometry3k_test_2995	pred='B'	gold='B'	complete=True	duration_s=12.63
FAIL	geometry3k_test_2841	pred='C'	gold='A'	complete=True	duration_s=3.38
FAIL	geometry3k_test_2549	pred='D'	gold='B'	complete=True	duration_s=3.76
FAIL	geometry3k_test_2971	pred=''	gold='B'	complete=False	duration_s=14.24
OK	geometry3k_test_2709	pred='B'	gold='B'	complete=True	duration_s=13.03
OK	geometry3k_test_2760	pred='A'	gold='A'	complete=True	duration_s=5.86
FAIL	geometry3k_test_2823	pred='C'	gold='B'	complete=True	duration_s=7.26
OK	geometry3k_test_2763	pred='A'	gold='A'	complete=True	duration_s=3.97
FAIL	geometry3k_test_2928	pred='B'	gold='C'	complete=True	duration_s=3.97
FAIL	geometry3k_test_2715	pred='B'	gold='C'	complete=True	duration_s=3.27
FAIL	geometry3k_test_2903	pred='B'	gold='C'	complete=True	duration_s=3.67
FAIL	geometry3k_test_2950	pred='C'	gold='D'	complete=True	duration_s=3.41
FAIL	geometry3k_test_2983	pred='C'	gold='B'	complete=True	duration_s=16.81
FAIL	geometry3k_test_2491	pred='C'	gold='A'	complete=True	duration_s=4.53
FAIL	geometry3k_test_2755	pred=''	gold='A'	complete=False	duration_s=6.64
OK	geometry3k_test_2953	pred='C'	gold='C'	complete=True	duration_s=3.98
FAIL	geometry3k_test_2575	pred='C'	gold='D'	complete=True	duration_s=10.23
OK	geometry3k_test_2687	pred='D'	gold='D'	complete=True	duration_s=5.64
OK	geometry3k_test_2906	pred='B'	gold='B'	complete=True	duration_s=4.52
FAIL	geometry3k_test_2716	pred='D'	gold='C'	complete=True	duration_s=3.65
FAIL	geometry3k_test_2472	pred=''	gold='B'	complete=False	duration_s=6.31
OK	geometry3k_test_2861	pred='A'	gold='A'	complete=True	duration_s=5.05
FAIL	geometry3k_test_2603	pred='B'	gold='C'	complete=True	duration_s=13.13
FAIL	geometry3k_test_2744	pred='C'	gold='D'	complete=True	duration_s=3.83
FAIL	geometry3k_test_2800	pred='B'	gold='C'	complete=True	duration_s=3.71
OK	geometry3k_test_2825	pred='B'	gold='B'	complete=True	duration_s=8.74
OK	geometry3k_test_2887	pred='D'	gold='D'	complete=True	duration_s=3.78
OK	geometry3k_test_2859	pred='C'	gold='C'	complete=True	duration_s=3.67
OK	geometry3k_test_2853	pred='D'	gold='D'	complete=True	duration_s=3.42
FAIL	geometry3k_test_2589	pred='C'	gold='D'	complete=True	duration_s=4.66
OK	geometry3k_test_2920	pred='C'	gold='C'	complete=True	duration_s=4.91
FAIL	geometry3k_test_2741	pred='C'	gold='B'	complete=True	duration_s=5.01
FAIL	geometry3k_test_2645	pred='C'	gold='A'	complete=True	duration_s=3.37
OK	geometry3k_test_2710	pred='B'	gold='B'	complete=True	duration_s=5.72
FAIL	geometry3k_test_2438	pred='D'	gold='B'	complete=True	duration_s=15.28
FAIL	geometry3k_test_2986	pred='B'	gold='C'	complete=True	duration_s=4.26
FAIL	geometry3k_test_2664	pred='B'	gold='A'	complete=True	duration_s=6.15
OK	geometry3k_test_2877	pred='C'	gold='C'	complete=True	duration_s=3.42
OK	geometry3k_test_2816	pred='B'	gold='B'	complete=True	duration_s=3.48
FAIL	geometry3k_test_2545	pred='C'	gold='B'	complete=True	duration_s=4.46
OK	geometry3k_test_2987	pred='A'	gold='A'	complete=True	duration_s=3.48
OK	geometry3k_test_2725	pred='B'	gold='B'	complete=True	duration_s=5.90
OK	geometry3k_test_2528	pred='B'	gold='B'	complete=True	duration_s=3.44
OK	geometry3k_test_2945	pred='B'	gold='B'	complete=True	duration_s=11.80
FAIL	geometry3k_test_2717	pred='D'	gold='A'	complete=True	duration_s=6.20
FAIL	geometry3k_test_2558	pred=''	gold='D'	complete=False	duration_s=7.01
FAIL	geometry3k_test_2536	pred='B'	gold='A'	complete=True	duration_s=5.63
FAIL	geometry3k_test_2520	pred='B'	gold='A'	complete=True	duration_s=10.23
FAIL	geometry3k_test_2984	pred=''	gold='A'	complete=False	duration_s=6.66
FAIL	geometry3k_test_2418	pred='C'	gold='D'	complete=True	duration_s=3.51
OK	geometry3k_test_2915	pred='B'	gold='B'	complete=True	duration_s=3.82
OK	geometry3k_test_2817	pred='C'	gold='C'	complete=True	duration_s=3.42
FAIL	geometry3k_test_2924	pred='A'	gold='C'	complete=True	duration_s=6.55
OK	geometry3k_test_2989	pred='B'	gold='B'	complete=True	duration_s=4.75
FAIL	geometry3k_test_2663	pred='B'	gold='D'	complete=True	duration_s=4.26
FAIL	geometry3k_test_2420	pred='C'	gold='D'	complete=True	duration_s=4.46
OK	geometry3k_test_2579	pred='A'	gold='A'	complete=True	duration_s=4.58
FAIL	geometry3k_test_2776	pred='A'	gold='D'	complete=True	duration_s=3.99
FAIL	geometry3k_test_2799	pred='C'	gold='D'	complete=True	duration_s=3.50
FAIL	geometry3k_test_2583	pred='B'	gold='A'	complete=True	duration_s=13.00
FAIL	geometry3k_test_2572	pred='C'	gold='D'	complete=True	duration_s=9.00
FAIL	geometry3k_test_2478	pred='B'	gold='A'	complete=True	duration_s=5.87
OK	geometry3k_test_2650	pred='B'	gold='B'	complete=True	duration_s=4.77
OK	geometry3k_test_2791	pred='D'	gold='D'	complete=True	duration_s=3.97
OK	geometry3k_test_2885	pred='B'	gold='B'	complete=True	duration_s=4.80
OK	geometry3k_test_2730	pred='A'	gold='A'	complete=True	duration_s=7.38
OK	geometry3k_test_2745	pred='A'	gold='A'	complete=True	duration_s=5.73
FAIL	geometry3k_test_2595	pred='B'	gold='A'	complete=True	duration_s=13.50
FAIL	geometry3k_test_2796	pred='C'	gold='B'	complete=True	duration_s=5.86
FAIL	geometry3k_test_2876	pred='B'	gold='A'	complete=True	duration_s=4.25
FAIL	geometry3k_test_2948	pred='B'	gold='C'	complete=True	duration_s=5.70
FAIL	geometry3k_test_2732	pred='B'	gold='C'	complete=True	duration_s=5.39
FAIL	geometry3k_test_2848	pred='B'	gold='A'	complete=True	duration_s=11.32
FAIL	geometry3k_test_2962	pred='B'	gold='C'	complete=True	duration_s=3.81
FAIL	geometry3k_test_2454	pred='B'	gold='D'	complete=True	duration_s=3.92
OK	geometry3k_test_2880	pred='D'	gold='D'	complete=True	duration_s=4.33
FAIL	geometry3k_test_2611	pred='B'	gold='D'	complete=True	duration_s=7.01
FAIL	geometry3k_test_2465	pred='B'	gold='A'	complete=True	duration_s=6.69
FAIL	geometry3k_test_2697	pred='C'	gold='D'	complete=True	duration_s=9.27
OK	geometry3k_test_2544	pred='A'	gold='A'	complete=True	duration_s=6.56
OK	geometry3k_test_2571	pred='B'	gold='B'	complete=True	duration_s=16.36
FAIL	geometry3k_test_2613	pred='B'	gold='A'	complete=True	duration_s=3.52
OK	geometry3k_test_2932	pred='B'	gold='B'	complete=True	duration_s=9.01
OK	geometry3k_test_2464	pred='B'	gold='B'	complete=True	duration_s=12.09
OK	geometry3k_test_2623	pred='C'	gold='C'	complete=True	duration_s=9.02
OK	geometry3k_test_2993	pred='B'	gold='B'	complete=True	duration_s=3.80
FAIL	geometry3k_test_2534	pred='B'	gold='C'	complete=True	duration_s=10.72
OK	geometry3k_test_2469	pred='B'	gold='B'	complete=True	duration_s=12.82
FAIL	geometry3k_test_2629	pred='A'	gold='D'	complete=True	duration_s=5.42
OK	geometry3k_test_2471	pred='C'	gold='C'	complete=True	duration_s=3.74
OK	geometry3k_test_2656	pred='B'	gold='B'	complete=True	duration_s=3.50
OK	geometry3k_test_2419	pred='B'	gold='B'	complete=True	duration_s=7.34
FAIL	geometry3k_test_2923	pred='B'	gold='C'	complete=True	duration_s=4.11
OK	geometry3k_test_2561	pred='C'	gold='C'	complete=True	duration_s=3.49
OK	geometry3k_test_2501	pred='B'	gold='B'	complete=True	duration_s=15.18
OK	geometry3k_test_2562	pred='C'	gold='C'	complete=True	duration_s=3.43
OK	geometry3k_test_2934	pred='C'	gold='C'	complete=True	duration_s=3.43
OK	geometry3k_test_2515	pred='B'	gold='B'	complete=True	duration_s=15.29
FAIL	geometry3k_test_2997	pred='B'	gold='C'	complete=True	duration_s=8.41
FAIL	geometry3k_test_2674	pred='C'	gold='D'	complete=True	duration_s=3.50
OK	geometry3k_test_2981	pred='C'	gold='C'	complete=True	duration_s=3.64
OK	geometry3k_test_2486	pred='C'	gold='C'	complete=True	duration_s=3.81
OK	geometry3k_test_2604	pred='B'	gold='B'	complete=True	duration_s=3.72
OK	geometry3k_test_2794	pred='B'	gold='B'	complete=True	duration_s=6.62
OK	geometry3k_test_2546	pred='B'	gold='B'	complete=True	duration_s=3.15
OK	geometry3k_test_2442	pred='C'	gold='C'	complete=True	duration_s=7.82
FAIL	geometry3k_test_2708	pred='B'	gold='C'	complete=True	duration_s=3.45
OK	geometry3k_test_2414	pred='B'	gold='B'	complete=True	duration_s=3.44
OK	geometry3k_test_2554	pred='D'	gold='D'	complete=True	duration_s=3.66
OK	geometry3k_test_2937	pred='C'	gold='C'	complete=True	duration_s=3.42
OK	geometry3k_test_2416	pred='B'	gold='B'	complete=True	duration_s=3.73
FAIL	geometry3k_test_2521	pred=''	gold='C'	complete=False	duration_s=7.85
FAIL	geometry3k_test_2706	pred='B'	gold='A'	complete=True	duration_s=3.81
OK	geometry3k_test_2423	pred='C'	gold='C'	complete=True	duration_s=10.19
OK	geometry3k_test_2789	pred='B'	gold='B'	complete=True	duration_s=3.50
OK	geometry3k_test_2942	pred='B'	gold='B'	complete=True	duration_s=6.78
OK	geometry3k_test_2868	pred='B'	gold='B'	complete=True	duration_s=8.22
FAIL	geometry3k_test_2550	pred=''	gold='D'	complete=False	duration_s=6.29
OK	geometry3k_test_2698	pred='C'	gold='C'	complete=True	duration_s=9.48
FAIL	geometry3k_test_2514	pred='C'	gold='A'	complete=True	duration_s=3.37
FAIL	geometry3k_test_2627	pred='B'	gold='A'	complete=True	duration_s=9.30
OK	geometry3k_test_2598	pred='A'	gold='A'	complete=True	duration_s=4.58
FAIL	geometry3k_test_2985	pred='A'	gold='B'	complete=True	duration_s=5.06
FAIL	geometry3k_test_2807	pred='B'	gold='A'	complete=True	duration_s=3.81
FAIL	geometry3k_test_2847	pred='B'	gold='C'	complete=True	duration_s=9.58
OK	geometry3k_test_2904	pred='D'	gold='D'	complete=True	duration_s=3.46
FAIL	geometry3k_test_2918	pred='B'	gold='C'	complete=True	duration_s=4.35
OK	geometry3k_test_2960	pred='C'	gold='C'	complete=True	duration_s=3.65
OK	geometry3k_test_2731	pred='B'	gold='B'	complete=True	duration_s=3.67
OK	geometry3k_test_2700	pred='C'	gold='C'	complete=True	duration_s=3.42
OK	geometry3k_test_2790	pred='C'	gold='C'	complete=True	duration_s=18.93
OK	geometry3k_test_2824	pred='B'	gold='B'	complete=True	duration_s=12.88
FAIL	geometry3k_test_2774	pred='B'	gold='A'	complete=True	duration_s=5.93
FAIL	geometry3k_test_2417	pred='B'	gold='C'	complete=True	duration_s=10.22
OK	geometry3k_test_2765	pred='D'	gold='D'	complete=True	duration_s=13.47
OK	geometry3k_test_2947	pred='B'	gold='B'	complete=True	duration_s=3.81
FAIL	geometry3k_test_2487	pred='B'	gold='C'	complete=True	duration_s=4.49
FAIL	geometry3k_test_2443	pred='B'	gold='C'	complete=True	duration_s=12.98
FAIL	geometry3k_test_2690	pred='B'	gold='A'	complete=True	duration_s=10.15
OK	geometry3k_test_2916	pred='C'	gold='C'	complete=True	duration_s=8.96
OK	geometry3k_test_2523	pred='D'	gold='D'	complete=True	duration_s=4.74
OK	geometry3k_test_2570	pred='B'	gold='B'	complete=True	duration_s=5.13
OK	geometry3k_test_2669	pred='B'	gold='B'	complete=True	duration_s=3.69
FAIL	geometry3k_test_2671	pred='D'	gold='C'	complete=True	duration_s=14.55
FAIL	geometry3k_test_2898	pred='C'	gold='B'	complete=True	duration_s=3.22
OK	geometry3k_test_2968	pred='A'	gold='A'	complete=True	duration_s=3.97
OK	geometry3k_test_2889	pred='B'	gold='B'	complete=True	duration_s=3.80
FAIL	geometry3k_test_2840	pred='B'	gold='C'	complete=True	duration_s=3.37
OK	geometry3k_test_2802	pred='B'	gold='B'	complete=True	duration_s=12.12
OK	geometry3k_test_2470	pred='B'	gold='B'	complete=True	duration_s=3.28
OK	geometry3k_test_2682	pred='C'	gold='C'	complete=True	duration_s=3.81
OK	geometry3k_test_2409	pred='C'	gold='C'	complete=True	duration_s=3.43
FAIL	geometry3k_test_2596	pred='B'	gold='D'	complete=True	duration_s=7.74
OK	geometry3k_test_2999	pred='B'	gold='B'	complete=True	duration_s=10.86
FAIL	geometry3k_test_2813	pred='B'	gold='D'	complete=True	duration_s=6.34
FAIL	geometry3k_test_2826	pred='A'	gold='C'	complete=True	duration_s=6.10
OK	geometry3k_test_2498	pred='D'	gold='D'	complete=True	duration_s=5.62
OK	geometry3k_test_2530	pred='C'	gold='C'	complete=True	duration_s=3.37
OK	geometry3k_test_2957	pred='C'	gold='C'	complete=True	duration_s=6.35
OK	geometry3k_test_2881	pred='B'	gold='B'	complete=True	duration_s=11.23
FAIL	geometry3k_test_2441	pred='C'	gold='B'	complete=True	duration_s=7.36
FAIL	geometry3k_test_2651	pred='B'	gold='A'	complete=True	duration_s=5.46
FAIL	geometry3k_test_2642	pred='B'	gold='A'	complete=True	duration_s=3.49
FAIL	geometry3k_test_2757	pred='B'	gold='C'	complete=True	duration_s=7.38
OK	geometry3k_test_2602	pred='C'	gold='C'	complete=True	duration_s=4.41
FAIL	geometry3k_test_2694	pred='D'	gold='C'	complete=True	duration_s=4.15
OK	geometry3k_test_2891	pred='B'	gold='B'	complete=True	duration_s=10.25
FAIL	geometry3k_test_2618	pred='B'	gold='C'	complete=True	duration_s=4.42
FAIL	geometry3k_test_2686	pred='B'	gold='A'	complete=True	duration_s=12.09
FAIL	geometry3k_test_2929	pred='B'	gold='C'	complete=True	duration_s=12.05
FAIL	geometry3k_test_2415	pred='B'	gold='A'	complete=True	duration_s=4.15
FAIL	geometry3k_test_2798	pred='B'	gold='A'	complete=True	duration_s=3.50
FAIL	geometry3k_test_2685	pred='B'	gold='A'	complete=True	duration_s=3.83
OK	geometry3k_test_2699	pred='B'	gold='B'	complete=True	duration_s=3.50
FAIL	geometry3k_test_2815	pred='B'	gold='D'	complete=True	duration_s=4.43
OK	geometry3k_test_2539	pred='B'	gold='B'	complete=True	duration_s=10.55
OK	geometry3k_test_2758	pred='C'	gold='C'	complete=True	duration_s=3.22
FAIL	geometry3k_test_2747	pred='C'	gold='B'	complete=True	duration_s=4.76
OK	geometry3k_test_2532	pred='B'	gold='B'	complete=True	duration_s=6.79
OK	geometry3k_test_2655	pred='B'	gold='B'	complete=True	duration_s=3.46
OK	geometry3k_test_2927	pred='B'	gold='B'	complete=True	duration_s=5.63
OK	geometry3k_test_2479	pred='C'	gold='C'	complete=True	duration_s=18.62
FAIL	geometry3k_test_2718	pred='D'	gold='C'	complete=True	duration_s=6.68
OK	geometry3k_test_2756	pred='A'	gold='A'	complete=True	duration_s=5.04
FAIL	geometry3k_test_2869	pred='A'	gold='B'	complete=True	duration_s=4.25
OK	geometry3k_test_2622	pred='A'	gold='A'	complete=True	duration_s=3.80
FAIL	geometry3k_test_2865	pred='B'	gold='C'	complete=True	duration_s=5.27
OK	geometry3k_test_2566	pred='B'	gold='B'	complete=True	duration_s=3.92
OK	geometry3k_test_2588	pred='D'	gold='D'	complete=True	duration_s=4.49
FAIL	geometry3k_test_2990	pred='B'	gold='C'	complete=True	duration_s=5.83
FAIL	geometry3k_test_2837	pred='B'	gold='C'	complete=True	duration_s=7.32
FAIL	geometry3k_test_2557	pred='C'	gold='B'	complete=True	duration_s=8.40
FAIL	geometry3k_test_2782	pred='C'	gold='A'	complete=True	duration_s=3.44
OK	geometry3k_test_2814	pred='A'	gold='A'	complete=True	duration_s=4.15
OK	geometry3k_test_2944	pred='B'	gold='B'	complete=True	duration_s=5.73
FAIL	geometry3k_test_2701	pred='B'	gold='C'	complete=True	duration_s=5.60
FAIL	geometry3k_test_2665	pred='B'	gold='A'	complete=True	duration_s=7.83
FAIL	geometry3k_test_2610	pred='B'	gold='A'	complete=True	duration_s=3.35
OK	geometry3k_test_2851	pred='D'	gold='D'	complete=True	duration_s=3.20
FAIL	geometry3k_test_2662	pred='B'	gold='C'	complete=True	duration_s=10.21
FAIL	geometry3k_test_2480	pred='D'	gold='C'	complete=True	duration_s=16.81
OK	geometry3k_test_2619	pred='D'	gold='D'	complete=True	duration_s=7.45
OK	geometry3k_test_2843	pred='B'	gold='B'	complete=True	duration_s=10.94
FAIL	geometry3k_test_2586	pred='B'	gold='C'	complete=True	duration_s=9.03
OK	geometry3k_test_2597	pred='B'	gold='B'	complete=True	duration_s=5.31
OK	geometry3k_test_2811	pred='C'	gold='C'	complete=True	duration_s=3.22
FAIL	geometry3k_test_2963	pred=''	gold='D'	complete=False	duration_s=6.96
FAIL	geometry3k_test_2866	pred='C'	gold='A'	complete=True	duration_s=7.35
OK	geometry3k_test_2804	pred='D'	gold='D'	complete=True	duration_s=4.53
OK	geometry3k_test_2764	pred='B'	gold='B'	complete=True	duration_s=4.20
OK	geometry3k_test_2818	pred='A'	gold='A'	complete=True	duration_s=3.37
OK	geometry3k_test_2560	pred='B'	gold='B'	complete=True	duration_s=3.14
OK	geometry3k_test_2624	pred='B'	gold='B'	complete=True	duration_s=3.80
OK	geometry3k_test_2736	pred='B'	gold='B'	complete=True	duration_s=7.17
FAIL	geometry3k_test_2601	pred='B'	gold='C'	complete=True	duration_s=13.16
OK	geometry3k_test_2801	pred='B'	gold='B'	complete=True	duration_s=10.16
OK	geometry3k_test_2440	pred='C'	gold='C'	complete=True	duration_s=4.80
FAIL	geometry3k_test_2492	pred='C'	gold='B'	complete=True	duration_s=9.02
OK	geometry3k_test_2621	pred='C'	gold='C'	complete=True	duration_s=7.83
FAIL	geometry3k_test_2714	pred='B'	gold='D'	complete=True	duration_s=3.37
FAIL	geometry3k_test_2965	pred='B'	gold='A'	complete=True	duration_s=5.03
FAIL	geometry3k_test_2466	pred='A'	gold='C'	complete=True	duration_s=9.24
FAIL	geometry3k_test_2513	pred='C'	gold='A'	complete=True	duration_s=6.55
FAIL	geometry3k_test_2966	pred='C'	gold='B'	complete=True	duration_s=6.65
OK	geometry3k_test_2522	pred='B'	gold='B'	complete=True	duration_s=4.45
OK	geometry3k_test_2494	pred='B'	gold='B'	complete=True	duration_s=4.22
OK	geometry3k_test_2634	pred='C'	gold='C'	complete=True	duration_s=16.34
OK	geometry3k_test_2592	pred='C'	gold='C'	complete=True	duration_s=3.45
FAIL	geometry3k_test_2569	pred='C'	gold='A'	complete=True	duration_s=3.79
FAIL	geometry3k_test_2967	pred='C'	gold='A'	complete=True	duration_s=8.95
FAIL	geometry3k_test_2502	pred='C'	gold='A'	complete=True	duration_s=8.50
OK	geometry3k_test_2704	pred='A'	gold='A'	complete=True	duration_s=4.78
OK	geometry3k_test_2845	pred='C'	gold='C'	complete=True	duration_s=3.94
OK	geometry3k_test_2431	pred='C'	gold='C'	complete=True	duration_s=4.75
FAIL	geometry3k_test_2922	pred='C'	gold='B'	complete=True	duration_s=3.41
FAIL	geometry3k_test_2615	pred='D'	gold='B'	complete=True	duration_s=3.41
FAIL	geometry3k_test_2738	pred='A'	gold='B'	complete=True	duration_s=3.41
FAIL	geometry3k_test_2447	pred='B'	gold='A'	complete=True	duration_s=3.75
{
  "variant": "image_gdp",
  "n": 300,
  "complete": 292,
  "correct": 154,
  "accuracy": 0.5133333333333333,
  "accuracy_on_complete": 0.5273972602739726,
  "errors": 0,
  "missing_answer_line": 8,
  "avg_duration_s": 6.372171150843302
}
